{
  "Data": {
    "foo": "Excel"
  },
  "Extensions": {},
  "Errors": [],
  "ContextData": {}
}
