{
  "Data": {
    "a": {
      "bar": "Freddy Freeman",
      "contracts": [
        {
          "id": "TGlmZUluc3VyYW5jZUNvbnRyYWN0LXgx"
        },
        {
          "id": "TGlmZUluc3VyYW5jZUNvbnRyYWN0LXgy"
        },
        {
          "id": "U29tZU90aGVyQ29udHJhY3QteDE="
        }
      ]
    },
    "b": {
      "bar": "Freddy Freeman",
      "contracts": [
        {
          "id": "TGlmZUluc3VyYW5jZUNvbnRyYWN0LXgx"
        },
        {
          "id": "TGlmZUluc3VyYW5jZUNvbnRyYWN0LXgy"
        },
        {
          "id": "U29tZU90aGVyQ29udHJhY3QteDE="
        }
      ],
      "say": "hello"
    }
  },
  "Extensions": {},
  "Errors": []
}
