{
  "Data": {},
  "Extensions": {},
  "Errors": [
    {
      "Exception": null,
      "message": "The specified input object field `name` does not exist.",
      "locations": [
        {
          "line": 3,
          "column": 50
        }
      ]
    }
  ]
}
