{
  "Data": {
    "a": "2020-09-01T01:00:00.000Z",
    "b": "2020-09-01T01:00:00.000Z"
  },
  "Extensions": {},
  "Errors": []
}
