query fetch {
  customer(id: "Q3VzdG9tZXIteDE=") {
    name
    consultant {
      name
    }
    contracts {
      id
      ... a
      ... b
    }
  }
}
