"query fetch {\n  customer(id: \"Q3VzdG9tZXIteDE=\") {\n    id\n    name\n    __typename\n  }\n}"