"query fetch {\n  contracts(id: \"Q3VzdG9tZXIteDE=\") {\n    id\n    __typename\n  }\n}"