{
  "ClassName": "HotChocolate.Stitching.Merge.SchemaMergeException",
  "Message": "The directive `foo` is not marked as repeatable and can only be declared once.",
  "Data": null,
  "InnerException": null,
  "HelpURL": null,
  "StackTraceString": "   at HotChocolate.Stitching.Merge.AddSchemaExtensionRewriter.AddDirectives[TDefinition,TExtension](TDefinition typeDefinition, TExtension typeExtension, Func`2 withDirectives, MergeContext context) in /Users/michael/Local/hotchocolate/src/Stitching/Stitching/Merge/AddSchemaExtensionRewriter.cs:line 411\n   at HotChocolate.Stitching.Merge.AddSchemaExtensionRewriter.RewriteInterfaceTypeDefinition(InterfaceTypeDefinitionNode node, MergeContext context) in /Users/michael/Local/hotchocolate/src/Stitching/Stitching/Merge/AddSchemaExtensionRewriter.cs:line 162\n   at HotChocolate.Language.SchemaSyntaxRewriter`1.RewriteTypeDefinition(ITypeSystemDefinitionNode node, TContext context) in /Users/michael/Local/hotchocolate/src/Core/Language/Visitors/SchemaSyntaxRewriter.cs:line 78\n   at HotChocolate.Language.SchemaSyntaxRewriter`1.<RewriteDocument>b__1_0(IDefinitionNode n, TContext c) in /Users/michael/Local/hotchocolate/src/Core/Language/Visitors/SchemaSyntaxRewriter.cs:line 46\n   at HotChocolate.Language.SyntaxRewriter`1.RewriteMany[T](IReadOnlyList`1 items, TContext context, Func`3 func) in /Users/michael/Local/hotchocolate/src/Core/Language/Visitors/SyntaxRewriter.cs:line 245\n   at HotChocolate.Language.SchemaSyntaxRewriter`1.RewriteDocument(DocumentNode node, TContext context) in /Users/michael/Local/hotchocolate/src/Core/Language/Visitors/SchemaSyntaxRewriter.cs:line 36\n   at HotChocolate.Stitching.Merge.AddSchemaExtensionRewriter.AddExtensions(DocumentNode schema, DocumentNode extensions) in /Users/michael/Local/hotchocolate/src/Stitching/Stitching/Merge/AddSchemaExtensionRewriter.cs:line 41\n   at HotChocolate.Stitching.Merge.AddSchemaExtensionRewriterTests.<>c__DisplayClass8_0.<InterfaceType_AddDuplicateDirectives>b__0() in /Users/michael/Local/hotchocolate/src/Stitching/Stitching.Tests/Merge/AddSchemaExtensionRewriterTests.cs:line 161\n   at Xunit.Assert.RecordException(Action testCode) in C:\\Dev\\xunit\\xunit\\src\\xunit.assert\\Asserts\\Record.cs:line 28",
  "RemoteStackTraceString": null,
  "RemoteStackIndex": 0,
  "ExceptionMethod": null,
  "HResult": -2146233088,
  "Source": "HotChocolate.Stitching",
  "WatsonBuckets": null
}
