{
  "ClassName": "System.ArgumentException",
  "Message": "json mustn't be null or empty.",
  "Data": null,
  "InnerException": null,
  "HelpURL": null,
  "StackTraceString": "   at HotChocolate.Stitching.Introspection.IntrospectionDeserializer.Deserialize(String json) in /Users/michael/Local/hotchocolate/src/Stitching/Stitching/Introspection/IntrospectionDeserializer.cs:line 22\n   at HotChocolate.Stitching.Introspection.IntrospectionDeserializerTests.<>c.<JsonIsNull>b__1_0() in /Users/michael/Local/hotchocolate/src/Stitching/Stitching.Tests/Introspection/IntrospectionDeserializerTests.cs:line 28\n   at Xunit.Assert.RecordException(Action testCode) in C:\\Dev\\xunit\\xunit\\src\\xunit.assert\\Asserts\\Record.cs:line 28",
  "RemoteStackTraceString": null,
  "RemoteStackIndex": 0,
  "ExceptionMethod": null,
  "HResult": -2147024809,
  "Source": "HotChocolate.Stitching",
  "WatsonBuckets": null,
  "ParamName": "json"
}
