"query exec_batch($_b_customerId: ID!) {\n  _a_customer: customerOrConsultant(id: \"Q3VzdG9tZXIteDE=\") {\n    ... _a_customer\n    ... _a_consultant\n  }\n  _a_consultant: customerOrConsultant(id: \"Q29uc3VsdGFudC14MQ==\") {\n    ... _a_customer\n    ... _a_consultant\n  }\n  _b_customer: customer(id: $_b_customerId) {\n    name\n    consultant {\n      name\n    }\n    contracts {\n      id\n      ... on LifeInsuranceContract {\n        premium\n      }\n      ... on SomeOtherContract {\n        expiryDate\n      }\n    }\n  }\n}\n\nfragment _a_customer on Customer {\n  name\n  consultant {\n    name\n  }\n  contracts {\n    id\n    ... on LifeInsuranceContract {\n      premium\n    }\n    ... on SomeOtherContract {\n      expiryDate\n    }\n  }\n}\n\nfragment _a_consultant on Consultant {\n  name\n}"