"query exec_batch($_a_fields_customerId: ID!, $global: ID!, $_b_fields_customerId: ID!) {\n  _a_customer: customer(id: $_a_customerId) {\n    name\n    consultant(id: $global) {\n      name\n    }\n    contracts {\n      id\n      ... life\n      ... other\n    }\n  }\n  _b_customer: customer(id: $_b_customerId) {\n    name\n    consultant(id: $global) {\n      name\n    }\n    contracts {\n      id\n      ... life\n      ... other\n    }\n  }\n}\n\nfragment life on LifeInsuranceContract {\n  premium\n}\n\nfragment other on SomeOtherContract {\n  expiryDate\n}"