enum Schema_C_Foo @renamed(name: "Foo") {
  BAR
  BAZ
  QUX
}

enum Foo {
  BAR
  BAZ
}
