union B_Foo @renamed(name: "Foo", schema: "B") = Bar | Baz

union Foo = Bar | Baz

union A = B | C
