public interface IGetHero
{
    ICharacter Hero { get; }
}

public class GetHero
    : IGetHero
{
    public ICharacter Hero { get; set; }
}

public interface IDroid
{
    string Name { get; }
    ICharacterConnection Friends { get; }
}

public class Droid
    : IDroid
    , ICharacter
{
    public string Name { get; set; }
    public ICharacterConnection Friends { get; set; }
}

public interface IHuman
{
    string Name { get; }
    ICharacterConnection Friends { get; }
}

public class Human
    : IHuman
    , ICharacter
{
    public string Name { get; set; }
    public ICharacterConnection Friends { get; set; }
}

public interface ICharacter
{
}

public interface ICharacterConnection
{
}

public class CharacterConnection
    : ICharacterConnection
{
}

