public interface IFriend
{
    string Nodes { get; }
}

public interface IHero
{
    string Name { get; }
    string Friends { get; }
}
