{
  "Data": {
    "description": "hello"
  },
  "Extensions": {},
  "Errors": []
}
