/* Foo.bar */
public static FieldDelegate abc  = async ctx => {
var ct = ctx.RequestAborted;
var resolver = ctx.Resolver<HotChocolate.Resolvers.GeneratorTestDummyResolver>();
try
{
return await resolver.GetFooAsync();
}
catch(HotChocolate.Execution.QueryException ex)
{
return ex.Errors;
}

};
