/* Foo.bar */
public static FieldDelegate abc  = async ctx => {
var ct = ctx.RequestAborted;
var source = ctx.Parent<HotChocolate.Resolvers.GeneratorTestDummy>();
try
{
return await source.GetFooAsync();

}
catch(HotChocolate.Execution.QueryException ex)
{
return ex.Errors;
}

};
