"type Query {\n  a: String @delegate(schema: \"Schema_A\")\n  b: String @delegate(schema: \"Schema_B\")\n}"