The property `DoesNotExists` cannot be injected into the resolver. `DoesNotExists` does not exist on type `Foo`.
