The member GetDescription of type Foo is invalid. Parent property selections are not allowed in external resolvers!
