"interface Foo @foo {\n  bar: String\n}\n\ndirective @foo on INTERFACE"