"type B @source(name: \"B\", schema: \"A\") @source(name: \"B\", schema: \"B\") {\n  c: String\n}"