"interface Contract @source(name: \"Contract\", schema: \"A\") {\n  id: ID!\n}\n\ntype LifeInsuranceContract implements Contract @source(name: \"LifeInsuranceContract\", schema: \"A\") {\n  id: ID!\n  premium: Float\n}\n\ntype SomeOtherContract implements Contract @source(name: \"SomeOtherContract\", schema: \"A\") {\n  id: ID!\n  expiryDate: DateTime\n}\n\ntype Customer @source(name: \"Customer\", schema: \"B\") {\n  id: ID!\n  name: String!\n  consultant: Consultant\n}\n\ntype Consultant @source(name: \"Consultant\", schema: \"B\") {\n  id: ID!\n  name: String!\n}\n\nunion CustomerOrConsultant @source(name: \"CustomerOrConsultant\", schema: \"B\") = Customer | Consultant"