{
  "Data": {
    "foo": [
      {
        "foo": "Test_something",
        "fooSecond": "Test_someother"
      }
    ]
  },
  "Extensions": {},
  "Errors": [],
  "ContextData": {}
}
