{
  "Data": {},
  "Extensions": {},
  "Errors": [
    {
      "Exception": null,
      "message": "The field `baz` does not exist on the type `FooConnection`.",
      "locations": [
        {
          "Line": 3,
          "Column": 21
        }
      ]
    },
    {
      "Exception": null,
      "message": "The variable `filter` type is not compatible with the type of the argument `where`.\nExpected type: `FooFilter`.",
      "locations": [
        {
          "Line": 2,
          "Column": 32
        },
        {
          "Line": 1,
          "Column": 19
        }
      ]
    }
  ],
  "ContextData": {}
}
